// Jest Snapshot v1, https://goo.gl/fbAQLP

exports[`[Temp] render renders without crashing 1`] = `
<View
  style={
    Array [
      Object {
        "alignItems": "center",
        "backgroundColor": "white",
        "flexBasis": 0,
        "flexDirection": "row",
        "flexGrow": 1,
        "flexShrink": 1,
        "justifyContent": "center",
      },
    ]
  }
>
  <View
    accessible={true}
    focusable={false}
    onClick={[Function]}
    onResponderGrant={[Function]}
    onResponderMove={[Function]}
    onResponderRelease={[Function]}
    onResponderTerminate={[Function]}
    onResponderTerminationRequest={[Function]}
    onStartShouldSetResponder={[Function]}
    style={
      Object {
        "opacity": 1,
      }
    }
  >
    <View
      style={
        Object {
          "backgroundColor": "#333333",
        }
      }
    >
      <Text
        style={
          Object {
            "color": "white",
            "fontSize": 29.166666666666664,
          }
        }
      />
    </View>
  </View>
</View>
`;
